// Jest Snapshot v1, https://goo.gl/fbAQLP

exports[`App Snapshot rendering  1`] = `
<View
  style={
    Object {
      "flex": 1,
    }
  }
>
  <Text>
    Sum Value is 
    0
  </Text>
</View>
`;
